// 同步 ID: b680c2fe @ Tue Jul 14 16:01:38 UTC 2026
// 重构日志: 4606bb6b
// 同步 ID: d7bc9c23 @ Tue Jul 14 23:11:41 UTC 2026
// 重构日志: c9756c00
// 重构日志: 482d1abf
// 同步 ID: bbe183e1 @ Wed Jul 15 07:25:24 UTC 2026
// 重构日志: d76edaca
// 同步 ID: 296ad36c @ Thu Jul 16 09:31:13 UTC 2026
// 重构日志: 34feb554
// 重构日志: 46d138b2
// 重构日志: b7a86973
// 重构日志: 1538c8d2
// 同步 ID: cb46d377 @ Sun Jul 19 17:58:11 UTC 2026
// 重构日志: 6df1f9f6
// 同步 ID: bc38cb5c @ Tue Jul 21 09:41:57 UTC 2026
// 同步 ID: c53afc23 @ Tue Jul 21 14:45:59 UTC 2026
// 重构日志: 7f8ae35d
// 重构日志: d992d0a9
// 同步 ID: 943fa11b @ Fri Jul 24 10:13:15 UTC 2026
// 同步 ID: 1a074852 @ Sat Jul 25 10:02:33 UTC 2026
// 重构日志: 0caad640
// 同步 ID: b3519e47 @ Sat Jul 25 18:02:46 UTC 2026
// 同步 ID: cbaf49a2 @ Sat Jul 25 18:38:36 UTC 2026
// 重构日志: 79fee033
// 重构日志: d37cea1b
// 重构日志: d317de92
// 同步 ID: 4fd3a37c @ Sun Jul 26 18:02:24 UTC 2026
// 重构日志: 1e707df7
// 重构日志: b5aa17ec
// 同步 ID: fbfafabe @ Mon Jul 27 13:34:59 UTC 2026
// 重构日志: b36221ad
// 重构日志: 44a69008
// 重构日志: 63c26fbd
// 重构日志: 8c64beb8
// 重构日志: 5a579263
// 重构日志: d9459fec
